
> deep-shadcn@0.1.0 build
> next build

Γû▓ Next.js 16.2.4 (Turbopack)
- Environments: .env.local
- Experiments (use with caution):
  ┬╖ proxyClientMaxBodySize: "50mb"
  ┬╖ serverActions

  Creating an optimized production build ...
Γ£ô Compiled successfully in 43s
  Skipping validation of types
  Finished TypeScript config validation in 276ms ...
  Collecting page data using 15 workers ...
  Generating static pages using 15 workers (0/91) ...
  Generating static pages using 15 workers (22/91) 
  Generating static pages using 15 workers (45/91) 
  Generating static pages using 15 workers (68/91) 
Γ£ô Generating static pages using 15 workers (91/91) in 3.7s
  Finalizing page optimization ...

Route (app)
Γöî ╞Æ /
Γö£ Γùï /_not-found
Γö£ ╞Æ /affiliate
Γö£ ╞Æ /api/affiliate/check-code
Γö£ ╞Æ /api/affiliate/register
Γö£ ╞Æ /api/affiliate/stats
Γö£ ╞Æ /api/assets
Γö£ ╞Æ /api/assets/[id]
Γö£ ╞Æ /api/automations
Γö£ ╞Æ /api/automations/[id]
Γö£ ╞Æ /api/automations/[id]/clone
Γö£ ╞Æ /api/automations/[id]/preview
Γö£ ╞Æ /api/automations/[id]/preview/open
Γö£ ╞Æ /api/automations/[id]/preview/set
Γö£ ╞Æ /api/automations/[id]/run
Γö£ ╞Æ /api/automations/[id]/runs
Γö£ ╞Æ /api/automations/[id]/runs/[runId]
Γö£ ╞Æ /api/automations/schedule-preview
Γö£ ╞Æ /api/autopost/drafts
Γö£ ╞Æ /api/autopost/jobs
Γö£ ╞Æ /api/autopost/jobs/[id]
Γö£ ╞Æ /api/autopost/publish
Γö£ ╞Æ /api/brand-kit/analyze-url
Γö£ ╞Æ /api/brand-kits
Γö£ ╞Æ /api/brand-kits/[id]
Γö£ ╞Æ /api/canvas-image
Γö£ ╞Æ /api/canvases
Γö£ ╞Æ /api/canvases/[id]
Γö£ ╞Æ /api/chat
Γö£ ╞Æ /api/chat/threads
Γö£ ╞Æ /api/chat/threads/[id]
Γö£ ╞Æ /api/checkout
Γö£ ╞Æ /api/cron/automations
Γö£ ╞Æ /api/cron/autopost-queue
Γö£ ╞Æ /api/customer-portal
Γö£ ╞Æ /api/editor/projects
Γö£ ╞Æ /api/editor/projects/[id]
Γö£ ╞Æ /api/editor/transcribe
Γö£ ╞Æ /api/enhance-tts-script
Γö£ ╞Æ /api/generate-audio
Γö£ ╞Æ /api/generate-image
Γö£ ╞Æ /api/generate-image/status
Γö£ ╞Æ /api/generate-lipsync
Γö£ ╞Æ /api/generate-text
Γö£ ╞Æ /api/generate-video
Γö£ ╞Æ /api/generate-video-any-model
Γö£ ╞Æ /api/generate-video/status
Γö£ ╞Æ /api/generations
Γö£ ╞Æ /api/generations/[id]
Γö£ ╞Æ /api/instagram/callback
Γö£ ╞Æ /api/instagram/connect
Γö£ ╞Æ /api/instagram/disconnect
Γö£ ╞Æ /api/instagram/refresh-profile
Γö£ ╞Æ /api/instagram/status
Γö£ ╞Æ /api/instagram/webhook
Γö£ ╞Æ /api/inworld/voices
Γö£ ╞Æ /api/mini-apps
Γö£ ╞Æ /api/mini-apps/[id]
Γö£ ╞Æ /api/mini-apps/by-slug/[slug]
Γö£ ╞Æ /api/models
Γö£ ╞Æ /api/remove-background
Γö£ ╞Æ /api/transcribe
Γö£ ╞Æ /api/upscale
Γö£ ╞Æ /api/webhooks/replicate
Γö£ ╞Æ /api/webhooks/stripe
Γö£ ╞Æ /api/workflows
Γö£ ╞Æ /api/workflows/[id]
Γö£ ╞Æ /api/workflows/[id]/thumbnail
Γö£ ╞Æ /apps
Γö£ ╞Æ /apps/[slug]
Γö£ Γùï /assets
Γö£ ╞Æ /auth/auth-code-error
Γö£ ╞Æ /auth/callback
Γö£ ╞Æ /automations
Γö£ Γùï /autopost
Γö£ Γùï /brand
Γö£ ╞Æ /brand/[id]
Γö£ Γùï /brand/new
Γö£ Γùï /canvas
Γö£ ╞Æ /canvas/[id]
Γö£ Γùï /canvases
Γö£ Γùï /character-swap
Γö£ ╞Æ /chat
Γö£ ╞Æ /chat/[id]
Γö£ Γùï /custom-components
Γö£ Γùï /dashboard
Γö£ ╞Æ /dashboard/subscription
Γö£ Γùï /delete-account
Γö£ Γùï /editor
Γö£ ΓùÅ /features/[feature]
Γöé Γö£ /features/motion-copy
Γöé Γö£ /features/image
Γöé Γö£ /features/video
Γöé Γöö [+2 more paths]
Γö£ Γùï /history
Γö£ Γùï /image
Γö£ Γùï /image-editor
Γö£ Γùï /inpaint
Γö£ Γùï /lipsync
Γö£ ╞Æ /login
Γö£ Γùï /motion-copy
Γö£ ╞Æ /onboarding
Γö£ Γùï /premium
Γö£ Γùï /pricing
Γö£ Γùï /pricing-test
Γö£ Γùï /privacy
Γö£ Γùï /robots.txt
Γö£ Γùï /shadcn-component-example
Γö£ Γùï /sitemap.xml
Γö£ ╞Æ /success
Γö£ Γùï /terms
Γö£ Γùï /test
Γöö Γùï /video


╞Æ Proxy (Middleware)

Γùï  (Static)   prerendered as static content
ΓùÅ  (SSG)      prerendered as static HTML (uses generateStaticParams)
╞Æ  (Dynamic)  server-rendered on demand

